[15649:15649:0703/162032.090096:ERROR:media/gpu/vaapi/vaapi_wrapper.cc:1662] Installed VAAPI version is too old. min supported version: 1.17 installed version: 1.14

DevTools listening on ws://127.0.0.1:9333/devtools/browser/6eed8f37-5252-472b-80cc-24f758e8bd86
Fontconfig error: Cannot load default config file: File not found
[15604:15632:0703/162033.625231:ERROR:google_apis/gcm/engine/registration_request.cc:291] Registration response error message: PHONE_REGISTRATION_ERROR
[15604:15632:0703/162033.628407:ERROR:google_apis/gcm/engine/registration_request.cc:291] Registration response error message: PHONE_REGISTRATION_ERROR
[15604:15632:0703/162033.628950:ERROR:google_apis/gcm/engine/registration_request.cc:291] Registration response error message: PHONE_REGISTRATION_ERROR
[15649:15649:0703/162038.403400:ERROR:gpu/command_buffer/service/gles2_cmd_decoder_passthrough.cc:1073] [GroupMarkerNotSet(crbug.com/242999)!:3864002C60A0]Automatic fallback to software WebGL has been deprecated. Please use the --enable-unsafe-swiftshader (about:flags#enable-unsafe-swiftshader) flag to opt in to lower security guarantees for trusted content.
[15649:15649:0703/162038.596240:ERROR:gpu/command_buffer/service/gles2_cmd_decoder_passthrough.cc:1073] [GroupMarkerNotSet(crbug.com/242999)!:3864002C30A0]Automatic fallback to software WebGL has been deprecated. Please use the --enable-unsafe-swiftshader (about:flags#enable-unsafe-swiftshader) flag to opt in to lower security guarantees for trusted content.
[15649:15649:0703/162038.621733:ERROR:gpu/command_buffer/service/gl_utils.cc:431] [.WebGL-0x274c0011e600]GL Driver Message (OpenGL, Performance, GL_CLOSE_PATH_NV, High): GPU stall due to ReadPixels
[15649:15649:0703/162038.796210:ERROR:gpu/command_buffer/service/gl_utils.cc:431] [.WebGL-0x274c0011e600]GL Driver Message (OpenGL, Performance, GL_CLOSE_PATH_NV, High): GPU stall due to ReadPixels
[15649:15649:0703/162038.847647:ERROR:gpu/command_buffer/service/gl_utils.cc:431] [.WebGL-0x274c0011e600]GL Driver Message (OpenGL, Performance, GL_CLOSE_PATH_NV, High): GPU stall due to ReadPixels
[15649:15649:0703/162038.854645:ERROR:gpu/command_buffer/service/gl_utils.cc:431] [.WebGL-0x274c0011e600]GL Driver Message (OpenGL, Performance, GL_CLOSE_PATH_NV, High): GPU stall due to ReadPixels (this message will no longer repeat)
Created TensorFlow Lite XNNPACK delegate for CPU.
[15604:15632:0703/162055.131836:ERROR:google_apis/gcm/engine/registration_request.cc:291] Registration response error message: DEPRECATED_ENDPOINT
[15604:15632:0703/162139.376767:ERROR:google_apis/gcm/engine/registration_request.cc:291] Registration response error message: DEPRECATED_ENDPOINT
[15604:15632:0703/162320.599428:ERROR:google_apis/gcm/engine/registration_request.cc:291] Registration response error message: DEPRECATED_ENDPOINT
Warning: maxDynamicUniformBuffersPerPipelineLayout artificially reduced from 1000000 to 16 to fit dynamic offset allocation limit.
Warning: maxDynamicStorageBuffersPerPipelineLayout artificially reduced from 1000000 to 16 to fit dynamic offset allocation limit.
WARNING: All log messages before absl::InitializeLog() is called are written to STDERR
I0000 00:00:1783070612.288050   16222 environment.cc:554] Selected adapter: Intel(R) Graphics (ADL GT2), arch=gen-12lp, vendor=intel, backend=Vulkan, adapterType=Integrated GPU
Warning: maxDynamicUniformBuffersPerPipelineLayout artificially reduced from 1000000 to 16 to fit dynamic offset allocation limit.
Warning: maxDynamicStorageBuffersPerPipelineLayout artificially reduced from 1000000 to 16 to fit dynamic offset allocation limit.
I0000 00:00:1783070612.423590   16230 environment.cc:554] Selected adapter: Intel(R) Graphics (ADL GT2), arch=gen-12lp, vendor=intel, backend=Vulkan, adapterType=Integrated GPU
[15604:15632:0703/162700.457521:ERROR:google_apis/gcm/engine/registration_request.cc:291] Registration response error message: DEPRECATED_ENDPOINT
[15604:15632:0703/163306.299178:ERROR:google_apis/gcm/engine/registration_request.cc:291] Registration response error message: DEPRECATED_ENDPOINT
[15604:15632:0703/172933.604293:ERROR:google_apis/gcm/engine/connection_factory_impl.cc:483] ConnectionHandler failed with net error: -2
[15604:15632:0703/193551.058827:ERROR:google_apis/gcm/engine/connection_factory_impl.cc:483] ConnectionHandler failed with net error: -2
[15604:15632:0703/201956.325661:ERROR:google_apis/gcm/engine/connection_factory_impl.cc:434] Failed to connect to MCS endpoint with error -7
[15604:15632:0703/230638.362765:ERROR:google_apis/gcm/engine/connection_factory_impl.cc:434] Failed to connect to MCS endpoint with error -105
[15604:15632:0703/230638.365165:ERROR:google_apis/gcm/engine/connection_factory_impl.cc:434] Failed to connect to MCS endpoint with error -105
[15604:15632:0703/230655.310242:ERROR:google_apis/gcm/engine/connection_factory_impl.cc:434] Failed to connect to MCS endpoint with error -105
[15604:15632:0703/230705.330621:ERROR:google_apis/gcm/engine/connection_factory_impl.cc:434] Failed to connect to MCS endpoint with error -105
[15604:15632:0703/230748.927564:ERROR:google_apis/gcm/engine/connection_factory_impl.cc:434] Failed to connect to MCS endpoint with error -105
[15604:15632:0703/230842.369346:ERROR:google_apis/gcm/engine/connection_factory_impl.cc:434] Failed to connect to MCS endpoint with error -105
[15604:15632:0703/230915.156373:ERROR:google_apis/gcm/engine/connection_factory_impl.cc:434] Failed to connect to MCS endpoint with error -105
[15604:15632:0703/230930.358268:ERROR:google_apis/gcm/engine/connection_factory_impl.cc:434] Failed to connect to MCS endpoint with error -105
[15604:15632:0703/230943.731744:ERROR:google_apis/gcm/engine/connection_factory_impl.cc:434] Failed to connect to MCS endpoint with error -105
[15604:15632:0703/231028.792988:ERROR:google_apis/gcm/engine/connection_factory_impl.cc:434] Failed to connect to MCS endpoint with error -105
